vite v7.3.6 building client environment for production...
transforming...
✓ 4367 modules transformed.
rendering chunks...
dist/public/index.html                                   2.31 kB
dist/public/assets/syncareer-logo-uHHCH3cm.svg          53.25 kB
dist/public/assets/CounsellorDashboard-JOTqagGk.css      6.17 kB
dist/public/assets/index-Cjc8CAIj.css                  111.65 kB
dist/public/assets/syncareer-logo-BBu4Fsbd.js            0.06 kB
dist/public/assets/minus-B9KbGqxM.js                     0.12 kB
dist/public/assets/loader-circle-DL0KUUFb.js             0.14 kB
dist/public/assets/plus-BS5AvIaG.js                      0.15 kB
dist/public/assets/arrow-right-B5ytgOKS.js               0.17 kB
dist/public/assets/search-CcpnK-0e.js                    0.17 kB
dist/public/assets/skeleton-Bfrv5E3R.js                  0.17 kB
dist/public/assets/circle-check-CyBMfNuw.js              0.17 kB
dist/public/assets/trending-up-DACDwbS5.js               0.18 kB
dist/public/assets/circle-check-big-CmkfiyKi.js          0.19 kB
dist/public/assets/circle-x-u_ykfW6f.js                  0.20 kB
dist/public/assets/mic-CYx6LGWa.js                       0.23 kB
dist/public/assets/upload-CTCdyldm.js                    0.23 kB
dist/public/assets/download-C-DucvNH.js                  0.23 kB
dist/public/assets/pen-tyWMattF.js                       0.24 kB
dist/public/assets/user-check-Bfdf6uxY.js                0.24 kB
dist/public/assets/compass-BIXXE8qu.js                   0.25 kB
dist/public/assets/video-DDK6gSeS.js                     0.25 kB
dist/public/assets/external-link-7YvodMDK.js             0.25 kB
dist/public/assets/chart-column-sBXx68kL.js              0.25 kB
dist/public/assets/eye-wDAbHMuN.js                       0.25 kB
dist/public/assets/zh-uf-sgvJi.js                        0.26 kB
dist/public/assets/zap-CYhmY8cd.js                       0.26 kB
dist/public/assets/lightbulb-uxJGN_BX.js                 0.28 kB
dist/public/assets/xh-loRtnB0l.js                        0.29 kB
dist/public/assets/send-BD-cPtGv.js                      0.29 kB
dist/public/assets/pt-CERhYImc.js                        0.30 kB
dist/public/assets/de-DYz_wSli.js                        0.30 kB
dist/public/assets/users-C9oI8RPA.js                     0.31 kB
dist/public/assets/PageLayout-ChfAMnOo.js                0.32 kB
dist/public/assets/save-D1_xXfYA.js                      0.33 kB
dist/public/assets/trash-2-CLWXE7BN.js                   0.33 kB
dist/public/assets/graduation-cap-lzzznN0U.js            0.33 kB
dist/public/assets/file-text-CLBwjkiu.js                 0.33 kB
dist/public/assets/ar-DrC03rYP.js                        0.35 kB
dist/public/assets/es-B16y48u5.js                        0.37 kB
dist/public/assets/fr-BHqddTwe.js                        0.38 kB
dist/public/assets/zu-_IDjUD1R.js                        0.39 kB
dist/public/assets/trophy-CXajrp2B.js                    0.48 kB
dist/public/assets/textarea-C3tW6AgG.js                  0.48 kB
dist/public/assets/shield-CFGiX7PI.js                    0.55 kB
dist/public/assets/thumbs-up-CQMfllrE.js                 0.56 kB
dist/public/assets/brain-Bdut4doW.js                     0.58 kB
dist/public/assets/af-B7pZcElV.js                        0.72 kB
dist/public/assets/card-DJy-s5JO.js                      0.99 kB
dist/public/assets/SubscriptionSuccess-C5p0rVIe.js       1.00 kB
dist/public/assets/seo-DROcLsFU.js                       1.32 kB
dist/public/assets/table-B99VE4_c.js                     1.49 kB
dist/public/assets/Build-Brluvi_l.js                     1.61 kB
dist/public/assets/useOutcomeTracking-DKhGvdRx.js        1.71 kB
dist/public/assets/Practice-Cw2WlOmg.js                  1.89 kB
dist/public/assets/Apply-CtuJ2fGQ.js                     1.90 kB
dist/public/assets/progress-De6q1dS0.js                  1.94 kB
dist/public/assets/Blog-lrAdqW8p.js                      2.03 kB
dist/public/assets/AdminLayout-d165qxz7.js               2.05 kB
dist/public/assets/credentialApi-WFA7QxEL.js             2.06 kB
dist/public/assets/collapsible-cihNOmXD.js               2.15 kB
dist/public/assets/NotFound-D-XHsVVE.js                  2.23 kB
dist/public/assets/SignedOut-DP7SH18b.js                 2.30 kB
dist/public/assets/formatDistanceToNow-D1QENd-v.js       2.30 kB
dist/public/assets/PaystackButton-BWNkQA4N.js            2.40 kB
dist/public/assets/switch-DyPOBe6Z.js                    2.44 kB
dist/public/assets/Unsubscribe-Nmy8pbZi.js               2.46 kB
dist/public/assets/useSubscription-BRDZnWc8.js           2.55 kB
dist/public/assets/BlogPost-C_ln-c_p.js                  2.85 kB
dist/public/assets/StudentLayout-CZfqmRCL.js             3.15 kB
dist/public/assets/CounsellorLayout-BQHaP5iq.js          3.22 kB
dist/public/assets/tabs-BuRdBdVF.js                      3.22 kB
dist/public/assets/FeedbackModal-DIoSKHQX.js             3.23 kB
dist/public/assets/GuidedJourney-2UFPgaK6.js             4.03 kB
dist/public/assets/alert-dialog-B0UNyo6m.js              4.90 kB
dist/public/assets/LandingFooter-BzjWKgG2.js             4.92 kB
dist/public/assets/CounsellorClients-BpHws7B0.js         5.79 kB
dist/public/assets/TermsAndConditions-CNtIRlOJ.js        6.12 kB
dist/public/assets/PrivacyPolicy-D2Q4H-Go.js             6.21 kB
dist/public/assets/CounsellorAvailability-ClOQqQm6.js    6.86 kB
dist/public/assets/blogPosts-CPkf4Acy.js                 7.39 kB
dist/public/assets/dialog-D8diSKDo.js                    7.49 kB
dist/public/assets/Pricing-C4gqd6ul.js                   7.52 kB
dist/public/assets/UsersDashboard-Ctg8PgvW.js            7.87 kB
dist/public/assets/CredentialUpload-Bc9o0J2b.js          9.86 kB
dist/public/assets/careerSkillFramework-BVJHhjke.js      9.89 kB
dist/public/assets/CredentialReview-p6n4LvLG.js         12.32 kB
dist/public/assets/CounsellorSessions-CVXdV3-3.js       13.13 kB
dist/public/assets/ApplicationTracker-0pTLd77O.js       13.49 kB
dist/public/assets/PolarAngleAxis-DVC9N6HJ.js           14.54 kB
dist/public/assets/AICoach-BKYdOfSr.js                  15.45 kB
dist/public/assets/Markets-ChRbdlOk.js                  15.52 kB
dist/public/assets/Onboarding-Bj2lJrEN.js               17.59 kB
dist/public/assets/format-70TlN0B1.js                   20.65 kB
dist/public/assets/Dashboard-DZU7d9Ix.js                21.00 kB
dist/public/assets/FeedbackDashboard-DyO8levS.js        21.09 kB
dist/public/assets/Landing-DxvJlrKr.js                  29.93 kB
dist/public/assets/CounsellorDashboard-Dc8nUsjl.js      33.27 kB
dist/public/assets/Analysis-B6bkrrD-.js                 36.97 kB
dist/public/assets/InterviewSimulator-BDqyyhCd.js       37.65 kB
dist/public/assets/Settings-CJvoFaJE.js                 43.49 kB
dist/public/assets/CVBuilder-Ct1ePYU2.js                51.95 kB
dist/public/assets/Assessment-B0gsfR2d.js               55.93 kB
dist/public/assets/types-Ckmm97PT.js                    65.47 kB
dist/public/assets/AnimatedSection-BqD_lacG.js         119.41 kB
dist/public/assets/use-mobile-CQEb00qP.js              135.04 kB
dist/public/assets/BarChart-BA040EPi.js                384.09 kB
dist/public/assets/index-C4j-jTUn.js                   912.56 kB
dist/public/assets/html2pdf-CnsUO0bh.js                976.35 kB
✓ built in 15.46s
